2017/01/23 04:03:19 [D] [server.go:2202] | 10.129.232.232|[42m 200 [0m|    103.211µs|   match|[46m POST    [0m /v1/dp_plant/   r:/v1/dp_plant/
2017/01/23 04:03:41 [D] [server.go:2202] | 10.129.232.232|[42m 201 [0m|   2.490725ms|   match|[46m POST    [0m /v1/dp_plant/   r:/v1/dp_plant/
2017/01/23 04:05:52 [I] [dp_plant.go:23] getAll
2017/01/23 04:05:52 [D] [server.go:2202] | 10.129.232.232|[42m 200 [0m|    301.129µs|   match|[44m GET     [0m /v1/dp_plant/   r:/v1/dp_plant/
2017/01/23 04:24:12 [I] [asm_amd64.s:2086] http server Running on http://:8080
2017/01/23 04:24:12 [I] [asm_amd64.s:2086] Admin server Running on :8088
2017/01/23 04:24:14 [I] [asm_amd64.s:2086] http server Running on http://:8080
2017/01/23 04:24:14 [I] [asm_amd64.s:2086] Admin server Running on :8088
2017/01/23 04:28:27 [D] [server.go:2202] | 10.129.232.232|[42m 200 [0m|     78.839µs|   match|[46m POST    [0m /v1/dp_user_device/   r:/v1/dp_user_device/
2017/01/23 04:28:41 [D] [server.go:2202] | 10.129.232.232|[42m 200 [0m|     41.559µs|   match|[46m POST    [0m /v1/dp_user_device/   r:/v1/dp_user_device/
2017/01/23 04:29:09 [D] [server.go:2202] | 10.129.232.232|[42m 201 [0m|   3.995235ms|   match|[46m POST    [0m /v1/dp_user_device/   r:/v1/dp_user_device/
2017/01/23 04:29:20 [D] [server.go:2202] | 10.129.232.232|[42m 200 [0m|   1.360922ms|   match|[44m GET     [0m /v1/dp_user_device/1   r:/v1/dp_user_device/:id
2017/01/23 07:11:56 [I] [asm_amd64.s:2086] http server Running on http://:8080
2017/01/23 07:11:56 [I] [asm_amd64.s:2086] Admin server Running on :8088
2017/01/23 07:11:58 [I] [asm_amd64.s:2086] http server Running on http://:8080
2017/01/23 07:11:58 [I] [asm_amd64.s:2086] Admin server Running on :8088
2017/01/23 07:12:03 [D] [server.go:2202] | 10.129.232.232|[42m 200 [0m|   1.059903ms|   match|[44m GET     [0m /v1/dp_user_device/1   r:/v1/dp_user_device/:uid
2017/01/23 07:12:18 [I] [asm_amd64.s:2086] http server Running on http://:8080
2017/01/23 07:12:18 [I] [asm_amd64.s:2086] Admin server Running on :8088
2017/01/23 07:12:21 [I] [asm_amd64.s:2086] http server Running on http://:8080
2017/01/23 07:12:21 [I] [asm_amd64.s:2086] Admin server Running on :8088
2017/01/23 07:12:43 [D] [server.go:2202] | 10.129.232.232|[42m 200 [0m|      388.8µs|   match|[44m GET     [0m /v1/dp_user_device/1   r:/v1/dp_user_device/:uid
2017/01/23 07:30:23 [I] [asm_amd64.s:2086] http server Running on http://:8080
2017/01/23 07:30:23 [I] [asm_amd64.s:2086] Admin server Running on :8088
2017/01/23 07:30:26 [I] [asm_amd64.s:2086] http server Running on http://:8080
2017/01/23 07:30:26 [I] [asm_amd64.s:2086] Admin server Running on :8088
2017/01/23 07:30:27 [D] [server.go:2202] | 10.129.232.232|[42m 200 [0m|    231.839µs|   match|[44m GET     [0m /v1/dp_user_device/1   r:/v1/dp_user_device/:uid
2017/01/23 09:26:43 [D] [server.go:2202] | 10.129.232.232|[42m 200 [0m|     296.26µs|   match|[44m GET     [0m /v1/dp_user_device/1   r:/v1/dp_user_device/:uid
2017/01/23 09:26:48 [D] [server.go:2202] | 10.129.232.232|[42m 200 [0m|    266.352µs|   match|[44m GET     [0m /v1/dp_user_device/1   r:/v1/dp_user_device/:uid
2017/01/23 09:27:45 [I] [asm_amd64.s:2086] http server Running on http://:8080
2017/01/23 09:27:45 [I] [asm_amd64.s:2086] Admin server Running on :8088
2017/01/23 09:27:47 [I] [asm_amd64.s:2086] http server Running on http://:8080
2017/01/23 09:27:47 [I] [asm_amd64.s:2086] Admin server Running on :8088
2017/01/23 09:27:48 [D] [dp_user_device.go:22] 1
2017/01/23 09:27:48 [D] [server.go:2202] | 10.129.232.232|[42m 200 [0m|   1.230733ms|   match|[44m GET     [0m /v1/dp_user_device/1   r:/v1/dp_user_device/:uid
2017/01/23 09:28:07 [I] [asm_amd64.s:2086] http server Running on http://:8080
2017/01/23 09:28:07 [I] [asm_amd64.s:2086] Admin server Running on :8088
2017/01/23 09:28:10 [I] [asm_amd64.s:2086] http server Running on http://:8080
2017/01/23 09:28:10 [I] [asm_amd64.s:2086] Admin server Running on :8088
2017/01/23 09:28:12 [D] [dp_user_device.go:22] 1
2017/01/23 09:28:12 [D] [server.go:2202] | 10.129.232.232|[42m 200 [0m|    377.281µs|   match|[44m GET     [0m /v1/dp_user_device/1   r:/v1/dp_user_device/:uid
2017/01/23 09:34:51 [I] [asm_amd64.s:2086] http server Running on http://:8080
2017/01/23 09:34:51 [I] [asm_amd64.s:2086] Admin server Running on :8088
2017/01/23 09:34:53 [I] [asm_amd64.s:2086] http server Running on http://:8080
2017/01/23 09:34:53 [I] [asm_amd64.s:2086] Admin server Running on :8088
2017/01/23 09:34:53 [D] [server.go:2202] | 10.129.232.232|[42m 200 [0m|    387.177µs|   match|[44m GET     [0m /v1/dp_user_device/1   r:/v1/dp_user_device/:id
2017/01/23 09:35:09 [D] [server.go:2202] | 10.129.232.232|[42m 200 [0m|   2.037061ms|   match|[44m GET     [0m /v1/dp_user_device   r:/v1/dp_user_device/
2017/01/23 11:43:49 [I] [asm_amd64.s:2086] http server Running on http://:8080
2017/01/23 11:43:49 [I] [asm_amd64.s:2086] Admin server Running on :8088
